D:\TOOL\C1Tester-main\C1Tester\C1TesterCore>pause   & where node
続行するには何かキーを押してください . . .
D:\TOOL\node-v10.16.0-win-x64\node.exe

D:\TOOL\C1Tester-main\C1Tester\C1TesterCore>pause   & dir
続行するには何かキーを押してください . . .
 ドライブ D のボリューム ラベルがありません。
 ボリューム シリアル番号は 5E5B-9C13 です

 D:\TOOL\C1Tester-main\C1Tester\C1TesterCore のディレクトリ

2021/12/21  22:03    <DIR>          .
2021/12/21  22:03    <DIR>          ..
2021/12/21  22:03             1,901 C1TesterCore.pssproj
2021/12/21  22:03            19,633 c1tester_add_trace.ps1
2021/12/21  22:03    <DIR>          ObjectCode
               2 個のファイル              21,534 バイト
               3 個のディレクトリ  195,717,816,320 バイトの空き領域

D:\TOOL\C1Tester-main\C1Tester\C1TesterCore>pause   & dir ..\..\example\Javascript
続行するには何かキーを押してください . . .
 ドライブ D のボリューム ラベルがありません。
 ボリューム シリアル番号は 5E5B-9C13 です

 D:\TOOL\C1Tester-main\example\Javascript のディレクトリ

2021/12/21  22:03    <DIR>          .
2021/12/21  22:03    <DIR>          ..
2021/12/21  22:03               808 example.js
2021/12/21  22:03            14,071 log.txt
               2 個のファイル              14,879 バイト
               2 個のディレクトリ  195,715,457,024 バイトの空き領域

D:\TOOL\C1Tester-main\C1Tester\C1TesterCore>pause   & type ..\..\example\Javascript\example.js
続行するには何かキーを押してください . . .
function f1(params)
{
    for (let index = 0; index <= params; index++)
    {
        if (index % 2 == 0)
        {
            console.log(index.toString() + " is even.");
        }
        else
        {
            console.log(index.toString() + " is odd.");
        }

        switch (index)
        {
            case 1:
            {
                console.log(index.toString() + " is one.");
                break;
            }
            case 2:
            {
                console.log(index.toString() + " is two.");
                break;
            }
            default:
            {
                break;
            }
        }
    }
}

if ((process.argv[2] < 0) || (process.argv[2] > 5))
{
    console.log("argument must be 0-5.");
    process.exit(1);
}

f1(process.argv[2]);

D:\TOOL\C1Tester-main\C1Tester\C1TesterCore>pause   & node ..\..\example\Javascript\example.js 5
続行するには何かキーを押してください . . .
0 is even.
1 is odd.
1 is one.
2 is even.
2 is two.
3 is odd.
4 is even.
5 is odd.

D:\TOOL\C1Tester-main\C1Tester\C1TesterCore>pause   & node ..\..\example\Javascript\example.js 6
続行するには何かキーを押してください . . .
argument must be 0-5.

D:\TOOL\C1Tester-main\C1Tester\C1TesterCore>pause   & pwsh c1tester_add_trace.ps1 -report -add_object_code ..\..\example\Javascript\example.js
続行するには何かキーを押してください . . .
トレース追加を完了しました。

D:\TOOL\C1Tester-main\C1Tester\C1TesterCore>pause   & dir ..\..\example\Javascript
続行するには何かキーを押してください . . .
 ドライブ D のボリューム ラベルがありません。
 ボリューム シリアル番号は 5E5B-9C13 です

 D:\TOOL\C1Tester-main\example\Javascript のディレクトリ

2021/12/21  22:07    <DIR>          .
2021/12/21  22:07    <DIR>          ..
2021/12/21  22:07               274 c1tester_example.js_report.csv
2021/12/21  22:07             5,570 example.js
2021/12/21  22:03            14,071 log.txt
2021/12/21  22:03               808 _example.js
               4 個のファイル              20,723 バイト
               2 個のディレクトリ  195,704,569,856 バイトの空き領域

D:\TOOL\C1Tester-main\C1Tester\C1TesterCore>pause   & type ..\..\example\Javascript\example.js
続行するには何かキーを押してください . . .
//縺薙・陦後・蜃ｦ逅・↓蠢・ｦ・
//C1Tester no trace start
//  繝悶Ο繝・け繧ｳ繝｡繝ｳ繝医・繧ｹ繧ｯ繝ｪ繝励ヨ縺ｫ繧医▲縺ｦ鄂ｮ謠帙＆繧後ｋ縲・
const c1TesterPath = require('path');
const c1TesterFs = require("fs");
const c1TesterParse = require('csv-parse/lib/sync')
const c1TesterStringify = require('csv-stringify/lib/sync')

class C1Tester
{
    constructor()
    {
        this.enabledTrace = true;
        this.pass = new Map();
        this.passFile = "";
        this.reportFile = "";
        this.filename = "";
        this.enabledReport = false;
        this.csv = null;
        this.reportHash = new Map();
    }

    initialize()
    {
        //繝医Ξ繝ｼ繧ｹ縺檎┌蜉ｹ縺・
        if (!this.enabledTrace)
        {
            return;
        }

        let tmp = __filename.split("\\");
        this.filename = tmp[tmp.length - 1];
        let selfFolder = c1TesterPath.dirname(process.argv[1]);
        this.passFile = "{0}_{1}_pass.csv";
        this.passFile = this.passFile.replace("\{0\}", "c1tester");
        this.passFile = this.passFile.replace("\{1\}", this.filename);
        this.passFile = selfFolder + "/" + this.passFile;
        this.reportFile = "{0}_{1}_report.csv";
        this.reportFile = this.reportFile.replace("\{0\}", "c1tester");
        this.reportFile = this.reportFile.replace("\{1\}", this.filename);
        let reportFileBackup = selfFolder + "/_" + this.reportFile;
        this.reportFile = selfFolder + "/" + this.reportFile;

        //騾夐℃繝輔ぃ繧､繝ｫ縺後≠繧九°
        if (c1TesterFs.existsSync(this.passFile))
        {
            c1TesterFs.unlinkSync(this.passFile);
        }

        //蝣ｱ蜻翫ヵ繧｡繧､繝ｫ縺梧怏繧九°
        if (c1TesterFs.existsSync(this.reportFile))
        {
            let content = c1TesterFs.readFileSync(this.reportFile, "utf-8");
            this.csv = c1TesterParse(content, {columns: true});

            //蜃ｦ逅・溷ｺｦ繧貞髄荳翫☆繧九◆繧√・繝上ャ繧ｷ繝･繝・・繝悶Ν繧剃ｽ懈・縺吶ｋ繝ｫ繝ｼ繝・
            for (let index = 0; index < this.csv.length; index++)
            {
                this.reportHash.set(this.csv[index].trace_id, index);
            }

            //繝舌ャ繧ｯ繧｢繝・・繝輔ぃ繧､繝ｫ縺後≠繧九°
            if (c1TesterFs.existsSync(reportFileBackup))
            {
                c1TesterFs.unlinkSync(reportFileBackup);
            }

            c1TesterFs.renameSync(this.reportFile, reportFileBackup);
            this.enabledReport = true;
        }
    }

    trace(traceId)
    {
        //繝医Ξ繝ｼ繧ｹ縺檎┌蜉ｹ縺・
        if (!this.enabledTrace)
        {
            return;
        }

        //譛ｪ蜃ｺ蜉帙°
        if (!this.pass.has(traceId))
        {
            let stack = new Error().stack;
            let tmp1 = stack.split("\n");
            let tmp2 = tmp1[2].split(" ");
            let functionName = tmp2[5];
            let tmp3 = tmp2[6].split(":");
            let lineNumber = tmp3[2];
            let tmp4 = tmp3[1].split("\\");
            let filename = tmp4[tmp4.length - 1];
            let tmpDate = new Date();
            let content =
            [
                filename,
                lineNumber,
                functionName,
                tmpDate.toLocaleString()
            ];
            c1TesterFs.writeFileSync(this.passFile, traceId + "," + content.join(",") + "\n", { flag: "a+" });
            this.pass.set(traceId, true);

            //蝣ｱ蜻翫☆繧九°
            if (this.enabledReport)
            {
                //繧ｨ繝ｳ繝医Μ繝ｼ縺梧怏繧九°
                if (this.reportHash.has(traceId))
                {
                    let index = this.reportHash.get(traceId);

                    //譛ｪ繝代せ縺・
                    if (this.csv[index].report == "-")
                    {
                        this.csv[index].report = "P";
                        this.csv[index].filename = content[0];
                        this.csv[index].line_number = content[1];
                        this.csv[index].function_name = content[2];
                        this.csv[index].timestamp = content[3];
                    }

                    let contentCsv = c1TesterStringify(this.csv, { quoted: true, header: true });
                    c1TesterFs.writeFileSync(this.reportFile, contentCsv, { flag: "w" });
                }
            }
        }
    }
}
//C1Tester no trace end

var c1tester = new C1Tester();
c1tester.initialize();
function f1(params)
{
c1tester.trace("1");
    for (let index = 0; index <= params; index++)
    {
c1tester.trace("2");
        if (index % 2 == 0)
        {
c1tester.trace("3");
            console.log(index.toString() + " is even.");
        }
        else
        {
c1tester.trace("4");
            console.log(index.toString() + " is odd.");
        }

        switch (index)
        {
            case 1:
            {
c1tester.trace("5");
                console.log(index.toString() + " is one.");
                break;
            }
            case 2:
            {
c1tester.trace("6");
                console.log(index.toString() + " is two.");
                break;
            }
            default:
            {
c1tester.trace("7");
                break;
            }
        }
    }
}

if ((process.argv[2] < 0) || (process.argv[2] > 5))
{
c1tester.trace("8");
    console.log("argument must be 0-5.");
    process.exit(1);
}

f1(process.argv[2]);

D:\TOOL\C1Tester-main\C1Tester\C1TesterCore>pause   & type ..\..\example\Javascript\c1tester_example.js_report.csv
続行するには何かキーを押してください . . .
"trace_id","report","filename","line_number","function_name","timestamp"
"1","-","-","-","-","-"
"2","-","-","-","-","-"
"3","-","-","-","-","-"
"4","-","-","-","-","-"
"5","-","-","-","-","-"
"6","-","-","-","-","-"
"7","-","-","-","-","-"
"8","-","-","-","-","-"

D:\TOOL\C1Tester-main\C1Tester\C1TesterCore>pause   & node ..\..\example\Javascript\example.js 5
続行するには何かキーを押してください . . .
0 is even.
1 is odd.
1 is one.
2 is even.
2 is two.
3 is odd.
4 is even.
5 is odd.

D:\TOOL\C1Tester-main\C1Tester\C1TesterCore>pause   & dir ..\..\example\Javascript
続行するには何かキーを押してください . . .
 ドライブ D のボリューム ラベルがありません。
 ボリューム シリアル番号は 5E5B-9C13 です

 D:\TOOL\C1Tester-main\example\Javascript のディレクトリ

2021/12/21  22:08    <DIR>          .
2021/12/21  22:08    <DIR>          ..
2021/12/21  22:08               301 c1tester_example.js_pass.csv
2021/12/21  22:08               496 c1tester_example.js_report.csv
2021/12/21  22:07             5,570 example.js
2021/12/21  22:03            14,071 log.txt
2021/12/21  22:07               274 _c1tester_example.js_report.csv
2021/12/21  22:03               808 _example.js
               6 個のファイル              21,520 バイト
               2 個のディレクトリ  195,694,604,288 バイトの空き領域

D:\TOOL\C1Tester-main\C1Tester\C1TesterCore>pause   & type ..\..\example\Javascript\c1tester_example.js_pass.csv
続行するには何かキーを押してください . . .
1,example.js,134,f1,2021-12-21 10:08:06 PM
2,example.js,137,f1,2021-12-21 10:08:06 PM
3,example.js,140,f1,2021-12-21 10:08:06 PM
7,example.js,165,f1,2021-12-21 10:08:06 PM
4,example.js,145,f1,2021-12-21 10:08:06 PM
5,example.js,153,f1,2021-12-21 10:08:06 PM
6,example.js,159,f1,2021-12-21 10:08:06 PM

D:\TOOL\C1Tester-main\C1Tester\C1TesterCore>pause   & type ..\..\example\Javascript\c1tester_example.js_report.csv
続行するには何かキーを押してください . . .
"trace_id","report","filename","line_number","function_name","timestamp"
"1","P","example.js","134","f1","2021-12-21 10:08:06 PM"
"2","P","example.js","137","f1","2021-12-21 10:08:06 PM"
"3","P","example.js","140","f1","2021-12-21 10:08:06 PM"
"4","P","example.js","145","f1","2021-12-21 10:08:06 PM"
"5","P","example.js","153","f1","2021-12-21 10:08:06 PM"
"6","P","example.js","159","f1","2021-12-21 10:08:06 PM"
"7","P","example.js","165","f1","2021-12-21 10:08:06 PM"
"8","-","-","-","-","-"

D:\TOOL\C1Tester-main\C1Tester\C1TesterCore>pause   & node ..\..\example\Javascript\example.js 6
続行するには何かキーを押してください . . .
argument must be 0-5.

D:\TOOL\C1Tester-main\C1Tester\C1TesterCore>pause   & dir ..\..\example\Javascript
続行するには何かキーを押してください . . .
 ドライブ D のボリューム ラベルがありません。
 ボリューム シリアル番号は 5E5B-9C13 です

 D:\TOOL\C1Tester-main\example\Javascript のディレクトリ

2021/12/21  22:08    <DIR>          .
2021/12/21  22:08    <DIR>          ..
2021/12/21  22:08                59 c1tester_example.js_pass.csv
2021/12/21  22:08               545 c1tester_example.js_report.csv
2021/12/21  22:07             5,570 example.js
2021/12/21  22:03            14,071 log.txt
2021/12/21  22:08               496 _c1tester_example.js_report.csv
2021/12/21  22:03               808 _example.js
               6 個のファイル              21,549 バイト
               2 個のディレクトリ  195,685,822,464 バイトの空き領域

D:\TOOL\C1Tester-main\C1Tester\C1TesterCore>pause   & type ..\..\example\Javascript\c1tester_example.js_pass.csv
続行するには何かキーを押してください . . .
8,example.js,174,Object.<anonymous>,2021-12-21 10:08:45 PM

D:\TOOL\C1Tester-main\C1Tester\C1TesterCore>pause   & type ..\..\example\Javascript\c1tester_example.js_report.csv
続行するには何かキーを押してください . . .
"trace_id","report","filename","line_number","function_name","timestamp"
"1","P","example.js","134","f1","2021-12-21 10:08:06 PM"
"2","P","example.js","137","f1","2021-12-21 10:08:06 PM"
"3","P","example.js","140","f1","2021-12-21 10:08:06 PM"
"4","P","example.js","145","f1","2021-12-21 10:08:06 PM"
"5","P","example.js","153","f1","2021-12-21 10:08:06 PM"
"6","P","example.js","159","f1","2021-12-21 10:08:06 PM"
"7","P","example.js","165","f1","2021-12-21 10:08:06 PM"
"8","P","example.js","174","Object.<anonymous>","2021-12-21 10:08:45 PM"

D:\TOOL\C1Tester-main\C1Tester\C1TesterCore>
